// Jest Snapshot v1, https://goo.gl/fbAQLP

exports[`expects to render Card component 1`] = `1`;
